// Jest Snapshot v1, https://goo.gl/fbAQLP

exports[`Nav Bar Testing Without Logged In User matches snapshot 1`] = `
<Navbar
  color="light"
  expand="md"
  light={true}
  tag="nav"
>
  <Link
    className="Nav_brand-name"
    to="/"
  >
    Elevate
  </Link>
  <NavbarToggler
    onClick={[Function]}
    tag="button"
    type="button"
  />
  <Collapse
    appear={false}
    className="collapse.navbar-collapse"
    enter={true}
    exit={true}
    in={false}
    isOpen={false}
    mountOnEnter={false}
    navbar={true}
    onEnter={[Function]}
    onEntered={[Function]}
    onEntering={[Function]}
    onExit={[Function]}
    onExited={[Function]}
    onExiting={[Function]}
    tag="div"
    timeout={350}
    unmountOnExit={false}
  >
    <ul
      className="navbar-nav mr-auto"
    >
      <li
        className="nav-item active"
        data-target=".in"
        data-toggle="collapse"
      >
        <Link
          className="Nav-link Nav-link-ltr"
          to="/ask-an-expert"
        >
          Ask An Expert
        </Link>
      </li>
    </ul>
    <ul
      className="navbar-nav"
    >
      <ContextConsumer>
        <Component />
      </ContextConsumer>
      <ContextConsumer>
        <Component />
      </ContextConsumer>
    </ul>
  </Collapse>
</Navbar>
`;
