// Jest Snapshot v1, https://goo.gl/fbAQLP

exports[`AdminPanel matches snapshot 1`] = `
<AdminPanel>
  <div
    className="adminPanel_main adminPanel_main_showing"
  >
    <div
      className="adminPanel_panel"
    >
      <h1
        className="adminPanel_h1"
      >
        Admin Panel
      </h1>
    </div>
    <div
      className="adminPanel_navbar adminPanel_navbar_showing"
    >
      <div>
        <PanelToggleBtn
          direction="toggleRight"
          toggleSidebar={[Function]}
        >
          <div
            className="panelToggleBtn"
          >
            <span
              id="adminPanel_toggleBtn"
              onClick={[Function]}
            >
              &gt;
            </span>
          </div>
        </PanelToggleBtn>
      </div>
      <AdminNavbar
        changeView={[Function]}
        position={true}
        toggleSidebar={[Function]}
      >
        <div
          className="adminNavbar"
        >
          <p
            id="users"
            onClick={[Function]}
          >
            Users
          </p>
          <p
            id="questions"
            onClick={[Function]}
          >
            Questions
          </p>
          <p
            id="invoices"
            onClick={[Function]}
          >
            Invoices
          </p>
          <p
            id="calendar"
            onClick={[Function]}
          >
            Calendar
          </p>
        </div>
      </AdminNavbar>
    </div>
  </div>
</AdminPanel>
`;
