// Jest Snapshot v1, https://goo.gl/fbAQLP

exports[`matches snapshot 1`] = `
<div
  className="
        container
        col-md-6
        offset-md-3
        col-lg-4
        offset-lg-4
        border
        rounded
        shadow"
  style={
    Object {
      "backgroundColor": "#F4F6F8",
      "marginTop": "10%",
    }
  }
>
  <Form
    onSubmit={[Function]}
    tag="form"
  >
    <h4
      style={
        Object {
          "textAlign": "center",
        }
      }
    >
      Hello 
    </h4>
    <h4
      style={
        Object {
          "fontWeight": "bold",
          "textAlign": "center",
        }
      }
    >
      Choose a new password
    </h4>
    <Row
      tag="div"
    >
      <Col
        md={12}
        tag="div"
        widths={
          Array [
            "xs",
            "sm",
            "md",
            "lg",
            "xl",
          ]
        }
      >
        <Label
          className="form-group has-float-label"
          tag="label"
          widths={
            Array [
              "xs",
              "sm",
              "md",
              "lg",
              "xl",
            ]
          }
        >
          <Input
            id="reset-password"
            name="password"
            onChange={[Function]}
            type="password"
            value=""
          />
          <span>
            Password
          </span>
        </Label>
      </Col>
    </Row>
    <Row
      tag="div"
    >
      <Col
        md={12}
        tag="div"
        widths={
          Array [
            "xs",
            "sm",
            "md",
            "lg",
            "xl",
          ]
        }
      >
        <Label
          className="form-group has-float-label"
          tag="label"
          widths={
            Array [
              "xs",
              "sm",
              "md",
              "lg",
              "xl",
            ]
          }
        >
          <Input
            id="reset-confirmPassword"
            name="confirmPassword"
            onChange={[Function]}
            type="password"
            value=""
          />
          <span>
            Confirm password
          </span>
        </Label>
      </Col>
    </Row>
    <Col
      align="center"
      tag="div"
      widths={
        Array [
          "xs",
          "sm",
          "md",
          "lg",
          "xl",
        ]
      }
    >
      <Button
        color="info"
        size="sm"
        tag="button"
      >
        Change Password
      </Button>
    </Col>
  </Form>
</div>
`;
