// Jest Snapshot v1, https://goo.gl/fbAQLP

exports[`matches snapshot 1`] = `
<div
  className="
        container
        col-md-6
        offset-md-3
        col-lg-4
        offset-lg-4
        border
        rounded
        shadow
        form-container"
>
  <Form
    inline={false}
    onSubmit={[Function]}
  >
    <h4
      className="first-name"
    >
      Hello 
    </h4>
    <h4
      className="new-pass"
    >
      Choose a new password
    </h4>
    <FormGroup>
      <FormControl
        id="reset-password"
        name="password"
        onChange={[Function]}
        placeholder="password"
        type="password"
        value=""
      />
    </FormGroup>
    <FormGroup>
      <FormControl
        id="reset-confirmPassword"
        name="confirmPassword"
        onChange={[Function]}
        placeholder="confirm password"
        type="password"
        value=""
      />
    </FormGroup>
    <Button
      active={false}
      className="resetPassword_button"
      color="info"
      disabled={true}
      size="sm"
      type="submit"
      variant="primary"
    >
      Change Password
    </Button>
  </Form>
</div>
`;
