// Jest Snapshot v1, https://goo.gl/fbAQLP

exports[`AdminPanel matches snapshot 1`] = `
<AskAnExpert>
  <div
    className="ask_an_expert"
  >
    <h1>
      Ask an expert
    </h1>
    <p>
      Have a legal question or legal document to review?
    </p>
    <h4>
      Coming soon.
    </h4>
  </div>
</AskAnExpert>
`;
