// Jest Snapshot v1, https://goo.gl/fbAQLP

exports[`AdminUserView matches snapshot 1`] = `
<AdminUserView
  history={
    Object {
      "location": Object {
        "pathname": "/admin/users/1",
      },
    }
  }
  match={
    Object {
      "params": Object {
        "userId": 1,
      },
    }
  }
  updateUserState={[MockFunction]}
>
  <div
    className="adminUserView_div"
  >
    <div>
      <h4>
         
      </h4>
      <table>
        <tbody>
          <tr>
            <td>
              <b>
                Email:
              </b>
            </td>
            <td />
          </tr>
          <tr>
            <td>
              <b>
                Company:
              </b>
            </td>
            <td />
          </tr>
          <tr>
            <td>
              <b>
                Hire Date:
              </b>
            </td>
            <td />
          </tr>
          <tr>
            <td>
              <b>
                Needs:
              </b>
            </td>
            <td />
          </tr>
          <tr>
            <td>
              <b>
                Goals:
              </b>
            </td>
            <td />
          </tr>
          <tr>
            <td>
              <b>
                Questions:
              </b>
            </td>
          </tr>
        </tbody>
      </table>
    </div>
    <button
      id="delete-click"
      onClick={[Function]}
    >
      Delete
    </button>
  </div>
</AdminUserView>
`;
