// Jest Snapshot v1, https://goo.gl/fbAQLP

exports[`AdminPanel matches snapshot 1`] = `
<AdminPanel>
  <div
    className="adminPanel_main"
  >
    <div
      className="adminPanel_panel"
    >
      <h1
        className="adminPanel_h1"
      >
        Admin Panel
      </h1>
    </div>
    <div
      className="adminPanel_navbar"
    >
      <AdminNavbar
        changeView={[Function]}
      >
        <div
          className="adminNavbar"
        >
          <div
            id="users"
            onClick={[Function]}
          >
            Users
          </div>
          <div
            id="questions"
            onClick={[Function]}
          >
            Questions
          </div>
          <div
            id="invoices"
            onClick={[Function]}
          >
            Invoices
          </div>
          <div
            id="calendar"
            onClick={[Function]}
          >
            Calendar
          </div>
        </div>
      </AdminNavbar>
    </div>
  </div>
</AdminPanel>
`;
