// Jest Snapshot v1, https://goo.gl/fbAQLP

exports[`matches snapshot 1`] = `
<div
  className="
          container
          col-md-6
          offset-md-3
          col-lg-4
          offset-lg-4
          border
          rounded
          shadow
          forgotPassword_container"
>
  <div>
    <Form
      inline={false}
      onSubmit={[Function]}
    >
      <div
        className="text"
      >
        <h3
          className="title"
        >
          Reset Password
        </h3>
        <p>
          Please enter your email address and we'll send you instructions on how to reset your password
        </p>
      </div>
      <FormGroup>
        <FormControl
          className="form-group has-float-label"
          id="forgt-email"
          name="email"
          onChange={[Function]}
          placeholder="email"
          type="email"
          value=""
        />
      </FormGroup>
      <div
        className="button"
      >
        <Button
          active={false}
          className="btn btn-info"
          disabled={false}
          size="sm"
          type="button"
          variant="primary"
        >
          Send Password Recovery Email
        </Button>
      </div>
    </Form>
  </div>
</div>
`;
