// Jest Snapshot v1, https://goo.gl/fbAQLP

exports[`matches snapshot 1`] = `
<div
  className="
          container
          col-md-6
          offset-md-3
          col-lg-4
          offset-lg-4
          border
          rounded
          shadow
          forgotPassword-container"
>
  <Form
    onSubmit={[Function]}
    tag="form"
  >
    <div
      className="text-center"
    >
      <h3
        className="m-2"
      >
        Forgot Password
      </h3>
      <p>
        Please enter your email address and we'll send you instructions on how to reset your password
      </p>
    </div>
    <Row
      form={true}
      tag="div"
    >
      <Col
        md={12}
        tag="div"
        widths={
          Array [
            "xs",
            "sm",
            "md",
            "lg",
            "xl",
          ]
        }
      >
        <Label
          className="form-group has-float-label"
          tag="label"
          widths={
            Array [
              "xs",
              "sm",
              "md",
              "lg",
              "xl",
            ]
          }
        >
          <Input
            id="forgt-email"
            name="email"
            onChange={[Function]}
            type="email"
            value=""
          />
          <span>
            Email
          </span>
        </Label>
      </Col>
    </Row>
    <Col
      align="center"
      tag="div"
      widths={
        Array [
          "xs",
          "sm",
          "md",
          "lg",
          "xl",
        ]
      }
    >
      <Button
        className="btn btn-info"
        color="secondary"
        size="sm"
        tag="button"
      >
        Send Password Recovery Email
      </Button>
    </Col>
  </Form>
</div>
`;
