// Jest Snapshot v1, https://goo.gl/fbAQLP

exports[`matches snapshot 1`] = `
<div
  className="
          container
          col-md-6
          offset-md-3
          col-lg-4
          offset-lg-4
          border
          rounded
          shadow
          forgotPassword-container"
>
  <div>
    <Form
      inline={false}
      onSubmit={[Function]}
    >
      <div
        className="text"
      >
        <h5
          className="title"
        >
          Send Reset Password Link
        </h5>
      </div>
      <FormGroup>
        <FormControl
          className="form-group has-float-label"
          id="forgt-email"
          name="email"
          onChange={[Function]}
          placeholder="email"
          type="email"
          value=""
        />
      </FormGroup>
      <div
        className="button"
      >
        <Button
          active={false}
          className="btn btn-primary"
          disabled={false}
          size="sm"
          type="submit"
          variant="primary"
        >
          Submit
        </Button>
      </div>
    </Form>
  </div>
</div>
`;
