// Jest Snapshot v1, https://goo.gl/fbAQLP

exports[`NewsletterSignUpForm matches snapshot 1`] = `
<newsletterSignUpForm>
  <div>
    <div>
      <h6>
        Stay up to date with Brella
      </h6>
      <Form
        inline={false}
        onSubmit={[Function]}
      >
        <form
          className=""
          onSubmit={[Function]}
        >
          <FormGroup>
            <div
              className="form-group"
            >
              <FormLabel
                column={false}
                hidden={true}
                htmlFor="email"
                srOnly={false}
              >
                <label
                  className="form-label"
                  hidden={true}
                  htmlFor="email"
                >
                  newsletter email
                </label>
              </FormLabel>
              <FormControl
                id="email"
                name="email"
                onChange={[Function]}
                placeholder="Email Address"
                type="text"
                value=""
              >
                <input
                  className="form-control"
                  id="email"
                  name="email"
                  onChange={[Function]}
                  placeholder="Email Address"
                  type="text"
                  value=""
                />
              </FormControl>
            </div>
          </FormGroup>
        </form>
      </Form>
    </div>
  </div>
</newsletterSignUpForm>
`;
