// Jest Snapshot v1, https://goo.gl/fbAQLP

exports[`matches snapshot 1`] = `
<div>
  <div
    className="Home_container"
  >
    <img
      alt="image1"
      className="Home_image1"
      src="001.jpg"
    />
    <h1
      className="Home_h1"
    >
       Are You paid what you deserve?
    </h1>
  </div>
  <div
    className="Home_template"
  >
    <p>
      Templates and professionals available 24/7
    </p>
    <i
      className="fas fa-user-tie"
    />
  </div>
  <div
    className="Home_database"
  >
    <i
      className="fas fa-chart-bar"
    />
    <p>
      Get yout comp verified by our proprietary database
    </p>
  </div>
  <div
    className="Home_stats"
  >
    <div
      className="row"
    >
      <div
        className="col-sm-4"
      >
        <div
          className="Home_circle "
        >
          <p>
            75% increase offer
          </p>
        </div>
      </div>
      <div
        className="col-sm-4"
      >
        <div
          className="Home_circle "
        >
          <p>
            20% average increase in salary
          </p>
        </div>
      </div>
      <div
        className="col-sm-4"
      >
        <div
          className="Home_circle "
        >
          <p>
            90% better understand comp
          </p>
        </div>
      </div>
    </div>
  </div>
  <div
    className="Home_get-started"
  >
    <h2
      className=""
    >
      Get Started Today
    </h2>
    <Link
      to="/ask-an-expert"
    >
      <Button
        color="primary"
        tag="button"
      >
        Ask An Expert
      </Button>
    </Link>
  </div>
</div>
`;
