// Jest Snapshot v1, https://goo.gl/fbAQLP

exports[`AdminNavbar matches snapshot 1`] = `
<AdminNavbar>
  <div
    className="adminNavbar"
    onClick={[Function]}
  >
    <PanelToggleBtn
      direction="toggleLeft"
    >
      <div
        className="panelToggleBtn"
      >
        <span
          id="adminPanel_toggleBtn"
        >
          &lt;
        </span>
      </div>
    </PanelToggleBtn>
  </div>
</AdminNavbar>
`;
