// Jest Snapshot v1, https://goo.gl/fbAQLP

exports[`AdminNavbar matches snapshot 1`] = `
<AdminNavbar>
  <div
    className="adminNavbar"
  >
    <div
      id="users"
      onClick={[Function]}
    >
      Users
    </div>
    <div
      id="questions"
      onClick={[Function]}
    >
      Questions
    </div>
    <div
      id="invoices"
      onClick={[Function]}
    >
      Invoices
    </div>
    <div
      id="calendar"
      onClick={[Function]}
    >
      Calendar
    </div>
  </div>
</AdminNavbar>
`;
