// Jest Snapshot v1, https://goo.gl/fbAQLP

exports[`matches snapshot 1`] = `
<div
  className="EditPUserForm container border rounded"
  style={
    Object {
      "backgroundColor": "#F4F6F8",
    }
  }
>
  <div
    className="form-inside-container mt-5"
  >
    <Form
      inline={false}
      onSubmit={[Function]}
    >
      <div
        className="form-styles_flex-space-between"
      >
        <h3>
          Salary info
        </h3>
        <i
          className="m-3 fas fa-edit fa-1x"
          onClick={[Function]}
        />
      </div>
      <FormGroup>
        <span>
          First name
        </span>
        <FormControl
          disabled={true}
          id="EditUser-salary"
          name="salary"
          onChange={[Function]}
          step="5000"
          type="number"
        />
      </FormGroup>
      <FormGroup>
        <span>
          Equity
        </span>
        <FormControl
          disabled={true}
          id="EditUser-equity"
          name="equity"
          onChange={[Function]}
          step="0.001"
          type="number"
        />
      </FormGroup>
      <FormGroup>
        <span>
          Bonus
        </span>
        <FormControl
          disabled={true}
          id="EditUser-bonus"
          name="bonus"
          onChange={[Function]}
          step="500"
          type="number"
        />
      </FormGroup>
      <div
        className="row justify-content-center"
      />
    </Form>
  </div>
</div>
`;
