// Jest Snapshot v1, https://goo.gl/fbAQLP

exports[`AdminNavBar matches snapshot 1`] = `
<AdminNavBar>
  <div
    className="adminNavBar"
  >
    <div
      id="users"
      onClick={[Function]}
    >
      Users
    </div>
    <div
      id="questions"
      onClick={[Function]}
    >
      Questions
    </div>
    <div
      id="invoices"
      onClick={[Function]}
    >
      Invoices
    </div>
    <div
      id="appointments"
      onClick={[Function]}
    >
      Appointments
    </div>
  </div>
</AdminNavBar>
`;
