// Jest Snapshot v1, https://goo.gl/fbAQLP

exports[`matches snapshot 1`] = `
<Navbar
  color="light"
  expand="md"
  light={true}
  tag="nav"
>
  <Link
    className="navbar-brand Nav-text"
    to="/"
  >
    Super Agent
  </Link>
  <NavbarToggler
    onClick={[Function]}
    tag="button"
    type="button"
  />
  <Collapse
    appear={false}
    className="collapse.navbar-collapse"
    enter={true}
    exit={true}
    in={false}
    isOpen={false}
    mountOnEnter={false}
    navbar={true}
    onEnter={[Function]}
    onEntered={[Function]}
    onEntering={[Function]}
    onExit={[Function]}
    onExited={[Function]}
    onExiting={[Function]}
    tag="div"
    timeout={350}
    unmountOnExit={false}
  >
    <ul
      className="navbar-nav mr-auto"
    >
      <li
        className="nav-item active "
      >
        <Link
          className="Nav-link Nav-link-ltr"
          to="/link1"
        >
          Get Started
        </Link>
      </li>
      <li
        className="nav-item active"
      >
        <Link
          className="Nav-link Nav-link-ltr "
          to="/link2"
        >
          How it Works
        </Link>
      </li>
      <li
        className="nav-item active"
      >
        <Link
          className="Nav-text Nav-link Nav-link-ltr"
          to="/link3"
        >
          About
        </Link>
      </li>
    </ul>
    <ul
      className="navbar-nav"
    >
      <li
        className="nav-item active"
      >
        <Link
          className="Nav-link Nav-link-ltr"
          to="/link3"
        >
          Help
        </Link>
      </li>
      <li
        className="nav-item active"
      >
        <Link
          className="Nav-link Nav-link-ltr"
          to="/login"
        >
          Sign In
        </Link>
      </li>
    </ul>
  </Collapse>
</Navbar>
`;
