// Jest Snapshot v1, https://goo.gl/fbAQLP

exports[`matches snapshot 1`] = `
<div
  className="container borderrounded shadow"
  style={
    Object {
      "backgroundColor": "#F4F6F8",
      "margin": "10% auto",
    }
  }
>
  <div
    className="form-inside-container mt-5"
  >
    <Form
      inline={false}
      onSubmit={[Function]}
    >
      <div
        className="user-basic-info-form_flex-space-between"
      >
        <h3>
          Basic info
        </h3>
        <i
          className="m-3 fas fa-edit fa-1x"
          onClick={[Function]}
        />
      </div>
      <FormGroup>
        <span>
          First name
        </span>
        <FormControl
          disabled={true}
          id="EditUser-first_name"
          name="first_name"
          onChange={[Function]}
          type="text"
          value="user"
        />
      </FormGroup>
      <FormGroup>
        <span>
          Last name
        </span>
        <FormControl
          disabled={true}
          id="EditUser-last_name"
          name="last_name"
          onChange={[Function]}
          type="text"
          value="test"
        />
      </FormGroup>
      <FormGroup>
        <span>
          Email
        </span>
        <FormControl
          disabled={true}
          id="EditUser-email"
          name="email"
          onChange={[Function]}
          type="text"
          value="test@gmail.com"
        />
      </FormGroup>
      <FormGroup>
        <span>
          Current company
        </span>
        <FormControl
          disabled={true}
          id="EditUser-current_company"
          name="current_company"
          onChange={[Function]}
          type="text"
          value="Rithm"
        />
      </FormGroup>
      <FormGroup>
        <span>
          Hire date
        </span>
        <FormControl
          disabled={true}
          id="EditUser-hire_date"
          name="hire_date"
          onChange={[Function]}
          type="text"
          value="2019-08-13"
        />
      </FormGroup>
      <div
        className="row justify-content-center"
      />
    </Form>
  </div>
</div>
`;
