// Jest Snapshot v1, https://goo.gl/fbAQLP

exports[`matches snapshot 1`] = `
<div>
  <div
    className="Home_container"
  >
    <h1
      className="text-center"
    >
      Your Personal HR Team
    </h1>
    <h5>
      A team with your best interest in mind
    </h5>
    <Link
      className="btn btn-primary"
      to="/login"
    >
      Get Started
    </Link>
  </div>
  <Container
    className="Home_template"
    fluid={true}
    tag="div"
  >
    <Row
      tag="div"
    >
      <Col
        md={6}
        tag="div"
        widths={
          Array [
            "xs",
            "sm",
            "md",
            "lg",
            "xl",
          ]
        }
      >
        <div>
          <img
            alt="working"
            className="card-img"
            src="001.jpg"
          />
        </div>
      </Col>
      <Col
        md={6}
        style={
          Object {
            "alignItems": "center",
            "display": "flex",
          }
        }
        tag="div"
        widths={
          Array [
            "xs",
            "sm",
            "md",
            "lg",
            "xl",
          ]
        }
      >
        <div
          className="Home_template-intro"
        >
          <h1>
            <b>
              Why Brella?
            </b>
          </h1>
          <p>
            Mission statement goes here, sell a story to the user. Mission statement goes here, sell a story to the user. Mission statement goes here, sell a story to the user. Mission statement goes here, sell a story to the user. Mission statement goes here, sell a story to the user. Mission statement goes here, sell a story to the user.
          </p>
        </div>
      </Col>
    </Row>
  </Container>
  <Container
    className="Home_database"
    fluid={true}
    tag="div"
  >
    <Row
      tag="div"
    >
      <Col
        tag="div"
        widths={
          Array [
            "xs",
            "sm",
            "md",
            "lg",
            "xl",
          ]
        }
      >
        <h1
          className="Home_database-title"
        >
          How it works
        </h1>
      </Col>
    </Row>
    <Row
      tag="div"
    >
      <Col
        md={4}
        tag="div"
        widths={
          Array [
            "xs",
            "sm",
            "md",
            "lg",
            "xl",
          ]
        }
      >
        <div
          className="Home_database-img"
        >
          <img
            alt="startFile"
            src="files.png"
          />
          <h4>
            Step 1
          </h4>
        </div>
        <div>
          <p
            className="Home_database-text"
          >
            Upload your documents to Brella. Upload your documents to Brella. Upload your documents to Brella. Upload your documents to Brella. Upload your documents to Brella. Upload your documents to Brella.
          </p>
        </div>
      </Col>
      <Col
        md={4}
        tag="div"
        widths={
          Array [
            "xs",
            "sm",
            "md",
            "lg",
            "xl",
          ]
        }
      >
        <div
          className="Home_database-img"
        >
          <img
            alt="person"
            src="person.png"
          />
          <h4>
            Step 2
          </h4>
        </div>
        <p
          className="Home_database-text"
        >
          Upload your documents to Brella. Upload your documents to Brella. Upload your documents to Brella.
        </p>
      </Col>
      <Col
        md={4}
        tag="div"
        widths={
          Array [
            "xs",
            "sm",
            "md",
            "lg",
            "xl",
          ]
        }
      >
        <div
          className="Home_database-img"
        >
          <img
            alt="completed"
            src="completed.png"
          />
          <h4>
            Step 3
          </h4>
        </div>
        <p
          className="Home_database-text"
        >
          Upload your documents to Brella. Upload your documents to Brella. Upload your documents to Brella.
        </p>
      </Col>
    </Row>
  </Container>
  <div
    className="Home_get-started"
  >
    <h1
      className=""
    >
      Connect with Brella today
    </h1>
    <Link
      className="btn btn-primary"
      to="/login"
    >
      Get Started
    </Link>
  </div>
</div>
`;
