// Jest Snapshot v1, https://goo.gl/fbAQLP

exports[`AdminNavbar matches snapshot 1`] = `
<div
  className="adminNavbar"
>
  <p>
    <Link
      className="admin-link"
      id="users"
      to="/dashboard/admin/users"
    >
      Users
    </Link>
  </p>
  <p>
    <Link
      className="admin-link"
      id="questions"
      to="/dashboard/admin/questions"
    >
      Questions
    </Link>
  </p>
  <p>
    <Link
      className="admin-link"
      id="invoices"
      to="/dashboard/admin/invoices"
    >
      Invoices
    </Link>
  </p>
  <p>
    <Link
      className="admin-link"
      id="calendar"
      to="/dashboard/admin/calendar"
    >
      Calendar
    </Link>
  </p>
</div>
`;
