// Jest Snapshot v1, https://goo.gl/fbAQLP

exports[`matches snapshot 1`] = `
<div>
  <h1>
    Dashboard
  </h1>
  <Switch>
    <DashboardRoutes
      exact={true}
      path="/dashboard/manage"
      render={[Function]}
    />
    <DashboardRoutes
      exact={true}
      path="/dashboard/appointments"
      render={[Function]}
    />
    <DashboardRoutes
      exact={true}
      path="/dashboard/templates"
      render={[Function]}
    />
    <AdminPrivateRoute
      exact={false}
      path="/dashboard/admin"
      render={[Function]}
    />
    <AdminPrivateRoute
      exact={true}
      path="/dashboard/admin/users/:userId"
      render={[Function]}
    />
  </Switch>
</div>
`;
