// Jest Snapshot v1, https://goo.gl/fbAQLP

exports[`LoginSignUpForm matches snapshot 1`] = `
<LoginSignUpForm>
  <div
    className="
          container
          col-md-6
          offset-md-3
          col-lg-4
          offset-lg-4
          border 
          rounded 
          shadow"
    style={
      Object {
        "backgroundColor": "#F4F6F8",
        "marginTop": "10%",
      }
    }
  >
    <div
      className="LoginSignUpForm_form-inside-container mt-5"
    >
      <Form
        inline={false}
        onSubmit={[Function]}
      >
        <form
          className=""
          onSubmit={[Function]}
        >
          <div
            className="mb-3"
          >
            Sign In
          </div>
          <div>
            <FormGroup>
              <div
                className="form-group"
              >
                <FormControl
                  id="email"
                  name="email"
                  onChange={[Function]}
                  placeholder="Email"
                  type="text"
                  value=""
                >
                  <input
                    className="form-control"
                    id="email"
                    name="email"
                    onChange={[Function]}
                    placeholder="Email"
                    type="text"
                    value=""
                  />
                </FormControl>
              </div>
            </FormGroup>
            <FormGroup>
              <div
                className="form-group"
              >
                <FormControl
                  id="password"
                  name="password"
                  onChange={[Function]}
                  placeholder="Password"
                  type="password"
                  value=""
                >
                  <input
                    className="form-control"
                    id="password"
                    name="password"
                    onChange={[Function]}
                    placeholder="Password"
                    type="password"
                    value=""
                  />
                </FormControl>
              </div>
            </FormGroup>
          </div>
          <div
            className="row justify-content-center"
          >
            <Button
              active={false}
              className="login-submit btn-block mr-3 ml-3"
              disabled={false}
              type="submit"
              variant="primary"
            >
              <button
                className="login-submit btn-block mr-3 ml-3 btn btn-primary"
                disabled={false}
                type="submit"
              >
                SIGN IN
              </button>
            </Button>
          </div>
          <div>
            <div
              className="LoginSignUpForm_login-or"
            >
              <hr
                className="LoginSignUpForm_hr-or"
              />
              <span
                className="LoginSignUpForm_span-or"
              >
                or
              </span>
            </div>
            <div
              className="row justify-content-center"
            >
              <Button
                active={false}
                className="btn-block mr-3 ml-3"
                disabled={false}
                onClick={[Function]}
                type="button"
                variant="primary"
              >
                <button
                  className="btn-block mr-3 ml-3 btn btn-primary"
                  disabled={false}
                  onClick={[Function]}
                  type="button"
                >
                  <i
                    className="fab fa-google"
                  />
                  <span>
                    Sign in with Google
                  </span>
                </button>
              </Button>
            </div>
          </div>
          <div>
            <FormText
              className="text-muted mt-3"
              id="signup"
              style={
                Object {
                  "textAlign": "center",
                }
              }
            >
              <small
                className="text-muted mt-3 form-text"
                id="signup"
                style={
                  Object {
                    "textAlign": "center",
                  }
                }
              >
                Don't have an account?
                <button
                  className="LoginSignUpForm_link-signup"
                  onClick={[Function]}
                >
                  Create One
                </button>
              </small>
            </FormText>
          </div>
          <div>
            <FormText
              className="LoginSignUpForm_link-signup"
              style={
                Object {
                  "textAlign": "center",
                }
              }
            >
              <small
                className="LoginSignUpForm_link-signup form-text"
                style={
                  Object {
                    "textAlign": "center",
                  }
                }
              >
                <a
                  href="http://localhost:3000/reset-password/forgot"
                >
                  Forgot password?
                </a>
              </small>
            </FormText>
          </div>
        </form>
      </Form>
    </div>
  </div>
</LoginSignUpForm>
`;
